C51 COMPILER V9.54   SYN6288                                                               11/24/2022 16:12:56 PAGE 1   


C51 COMPILER V9.54, COMPILATION OF MODULE SYN6288
OBJECT MODULE PLACED IN ..\Output\syn6288.obj
COMPILER INVOKED BY: D:\Tool\Keil\C51\BIN\C51.EXE ..\Source\syn6288.c LARGE OPTIMIZE(8,SPEED) BROWSE INCDIR(..\Head) DEB
                    -UG OBJECTEXTEND PRINT(..\Output\syn6288.lst) OBJECT(..\Output\syn6288.obj)

line level    source

   1          /*
   2          1.项目名称：绿深旗舰店SYN6288语音合成模块STC89C52测试程序
   3          2.显示模块：无
   4          3.使用软件：keil4 for 51 或 keil5 for 51
   5          4.配套上位机：无
   6          5.项目组成：SYN6288语音合成模块
   7          6.项目功能：将文字转化成语音朗读出来，出厂波特率默认9600。
   8          7.主要原理：具体参考SYN6288数据手册
   9          8.购买地址：https://lssz.tmall.com 或淘宝上搜索“绿深旗舰店”
  10          9.版权声明：绿深旗舰店所有程序都申请软件著作权。均与本店产品配套出售，请不要传播，以免追究其法律责任！
  11          接线定义：(此例程使用晶振为11.0592M，下载程序时注意不要接上SYN6288模块)
  12                          VCC--5V
  13                          RXD--P3.1
  14                          TXD--P3.0
  15                          GND--GND
  16          */
  17          /**************芯片设置命令*********************/
  18          
  19          #include "pbdata.h"
  20          unsigned char SYN_StopCom[] = {0xFD, 0X00, 0X02, 0X02, 0XFD}; //停止合成
  21          unsigned char SYN_SuspendCom[] = {0XFD, 0X00, 0X02, 0X03, 0XFC}; //暂停合成
  22          unsigned char SYN_RecoverCom[] = {0XFD, 0X00, 0X02, 0X04, 0XFB}; //恢复合成
  23          unsigned char SYN_ChackCom[] = {0XFD, 0X00, 0X02, 0X21, 0XDE}; //状态查询
  24          unsigned char SYN_PowerDownCom[] = {0XFD, 0X00, 0X02, 0X88, 0X77}; //进入POWER DOWN 状态命令
  25          
  26          
  27          void *memcpy (void *dest, const void *src, unsigned int len)
  28          {
  29   1        char *d = dest;
  30   1        const char *s = src;
  31   1        while (len--)
  32   1          *d++ = *s++;
  33   1        return dest;
  34   1      }
*** WARNING C231 IN LINE 34 OF ..\Source\syn6288.c: '_memcpy': attempt to redefine intrinsic function
  35          
  36          //串口1初始化
  37          void UART1_Init(void)
  38          {
  39   1              SCON = 0x50;            //8位数据,可变波特率
  40   1              TMOD |= 0x20;           //设定定时器1为8位自动重装方式
  41   1              TL1 = 0xFD;             //设定定时初值
  42   1              TH1 = 0xFD;             //设定定时器重装值
  43   1              ET1 = 0;                //禁止定时器1中断
  44   1              TR1 = 1;                //启动定时器1
  45   1              ES = 1;
  46   1              EA = 1;
  47   1      }
  48          
  49          //串口2发送一字节数据
  50          void UART1_SendByte(unsigned char DAT)
  51          {
  52   1              SBUF = DAT;
  53   1              while(TI == 0);
C51 COMPILER V9.54   SYN6288                                                               11/24/2022 16:12:56 PAGE 2   

  54   1              TI=0;
  55   1      }
  56          
  57          //串口2发送字符串数据
  58          void UART1_SendString(unsigned char *DAT, unsigned char len)
  59          {
  60   1              unsigned char i;
  61   1              for(i = 0; i < len; i++)
  62   1              {
  63   2                      UART1_SendByte(*DAT++);
  64   2              }
  65   1      }
  66          
  67          //串口1中断
  68          void Uart1_Isr() interrupt 4
  69          {
  70   1              if(RI)
  71   1              {
  72   2                      RI=0;
  73   2              }
  74   1      
  75   1      }
  76          
  77          
  78          //Music:  0:无背景音乐  1~15:选择背景音乐
  79          void SYN_FrameInfo(unsigned char Music, unsigned char *HZdata)
  80          {
  81   1              /****************需要发送的文本**********************************/
  82   1              unsigned char  Frame_Info[50];
  83   1              unsigned char  HZ_Length;
  84   1              unsigned char  ecc  = 0;                        //定义校验字节
  85   1              unsigned int i = 0;
  86   1              HZ_Length = Strlen((char*)HZdata);                      //需要发送文本的长度
  87   1      
  88   1              /*****************帧固定配置信息**************************************/
  89   1              Frame_Info[0] = 0xFD ;                  //构造帧头FD
  90   1              Frame_Info[1] = 0x00 ;                  //构造数据区长度的高字节
  91   1              Frame_Info[2] = HZ_Length + 3;          //构造数据区长度的低字节
  92   1              Frame_Info[3] = 0x01 ;                  //构造命令字：合成播放命令
  93   1              Frame_Info[4] = 0x01 | Music << 4 ; //构造命令参数：背景音乐设定
  94   1      
  95   1              /*******************校验码计算***************************************/
  96   1              for(i = 0; i < 5; i++)                                  //依次发送构造好的5个帧头字节
  97   1              {
  98   2                      ecc = ecc ^ (Frame_Info[i]);            //对发送的字节进行异或校验
  99   2              }
 100   1      
 101   1              for(i = 0; i < HZ_Length; i++)                  //依次发送待合成的文本数据
 102   1              {
 103   2                      ecc = ecc ^ (HZdata[i]);                                //对发送的字节进行异或校验
 104   2              }
 105   1              /*******************发送帧信息***************************************/
 106   1              memcpy(&Frame_Info[5], HZdata, HZ_Length);
 107   1              Frame_Info[5 + HZ_Length] = ecc;
 108   1              UART1_SendString(Frame_Info, 5 + HZ_Length + 1);
 109   1      }
 110          


MODULE INFORMATION:   STATIC OVERLAYABLE
   CODE SIZE        =    400    ----
   CONSTANT SIZE    =   ----    ----
C51 COMPILER V9.54   SYN6288                                                               11/24/2022 16:12:56 PAGE 3   

   XDATA SIZE       =     25      73
   PDATA SIZE       =   ----    ----
   DATA SIZE        =   ----    ----
   IDATA SIZE       =   ----    ----
   BIT SIZE         =   ----    ----
END OF MODULE INFORMATION.


C51 COMPILATION COMPLETE.  1 WARNING(S),  0 ERROR(S)
